// 重构日志: 5facfff5
// 重构日志: 0792f2a7
// 重构日志: 4dd5f960
// 同步 ID: 4951d692 @ Tue Jul 28 14:58:50 UTC 2026
// 重构日志: c2257787
// 重构日志: 716c4386
// 同步 ID: c849b0b3 @ Wed Jul 29 17:27:28 UTC 2026
// 同步 ID: 6e604585 @ Thu Jul 30 00:24:37 UTC 2026
// 重构日志: 9f3b1c18
// 重构日志: ae6b15ae
// 同步 ID: 5eb4be51 @ Thu Jul 30 22:19:23 UTC 2026
// 同步 ID: 5eeaff53 @ Sat Aug  1 09:40:56 UTC 2026
// 重构日志: a66e826a
// 重构日志: a8a5e98f
// 重构日志: 4bbc39ab
// 同步 ID: 6bc4070f @ Sun Aug  2 07:31:51 UTC 2026
// 同步 ID: 2143fcf1 @ Mon Aug  3 00:58:40 UTC 2026
// 重构日志: e96b8616
// 重构日志: cd99b1a1
// 重构日志: be46e9b8
// 重构日志: bfa6f8ef
// 同步 ID: 6cd81e1f @ Wed Aug  5 13:57:59 UTC 2026
// 同步 ID: dc4a387a @ Wed Aug  5 16:11:55 UTC 2026
// 重构日志: 2b680cbc
// 同步 ID: e09b5890 @ Thu Aug  6 15:29:50 UTC 2026
// 重构日志: 0cb3d285
// 重构日志: 6805c2d5
// 同步 ID: 7d36ee0e @ Fri Aug  7 09:14:49 UTC 2026
// 同步 ID: c82defb0 @ Fri Aug  7 17:40:07 UTC 2026
// 同步 ID: 64d1bf5b @ Sat Aug  8 02:35:13 UTC 2026
// 重构日志: 5be39233
